================================================================================
Kernel : mykernel(flatten_loop_with_not_fully_pipeline.cpp:4)
================================================================================


================================================================================
GlobalVariable Width
================================================================================

================================================================================
Interface      Width
================================================================================
orig            512      (flatten_loop_with_not_fully_pipeline.cpp:4) memory burst and coalescing 
out             512      (flatten_loop_with_not_fully_pipeline.cpp:4) memory burst and coalescing 
len             32       (flatten_loop_with_not_fully_pipeline.cpp:4) scalar

================================================================================
Source code hierarchy ( TC: Trip Count, AC: Accumulated Cycles, CPC: Cycles per Call )
================================================================================
+----------------------------------------------------------------------+------+----------+----------+-------+------+------+------+------------------------------------------------------------------------------------------+
|                              hierarchy                               |  TC  |    AC    |   CPC    |  LUT  |  FF  | BRAM | DSP  |                                         comment                                          |
+----------------------------------------------------------------------+------+----------+----------+-------+------+------+------+------------------------------------------------------------------------------------------+
|mykernel (flatten_loop_with_not_fully_pipeline.cpp:4)                 |      |  12585216|  12585216|  13.15|  1.44|  2.50|  0.00|kernel                                                                                    |
|    auto memory burst read and coalescing for 'merlin_out'            |      |         -|       133|       |      |      |      |                                                                                          |
|    auto memory burst read and coalescing for 'orig'                  |      |         -|       266|       |      |      |      |                                                                                          |
|    loop l (flatten_loop_with_not_fully_pipeline.cpp:7)               |  2048|  12582912|  12582912|       |      |      |      |                                                                                          |
|        loop i (flatten_loop_with_not_fully_pipeline.cpp:9)           |    64|  12582912|  12582912|       |      |      |      |flattened with loop l (flatten_loop_with_not_fully_pipeline.cpp:7)                        |
|            loop j (flatten_loop_with_not_fully_pipeline.cpp:10)      |      |          |          |       |      |      |      |optimized in loop flatten                                                                 |
|                loop k (flatten_loop_with_not_fully_pipeline.cpp:12)  |    32|  12582912|  12582912|       |      |      |      |flattened with loop i (flatten_loop_with_not_fully_pipeline.cpp:9), IL=4, pipelined II=3  |
|    auto memory burst write and coalescing for 'merlin_out'           |      |         -|      1905|       |      |      |      |                                                                                          |
+----------------------------------------------------------------------+------+----------+----------+-------+------+------+------+------------------------------------------------------------------------------------------+
================================================================================
Hotspot
================================================================================
* Self Accumulated Cycles
+----------------------------------------------------------------+----------+----------+
|                              Name                              |  Cycles  | Activity |
+----------------------------------------------------------------+----------+----------+
|  mykernel:loop i (flatten_loop_with_not_fully_pipeline.cpp:9)  | 12582912 |  99.98%  |
| mykernel:loop k (flatten_loop_with_not_fully_pipeline.cpp:12)  | 12582912 |  99.98%  |
|     mykernel (flatten_loop_with_not_fully_pipeline.cpp:4)      |   2304   |  0.02%   |
| auto memory burst (flatten_loop_with_not_fully_pipeline.cpp:4) |    0     |  0.00%   |
| auto memory burst (flatten_loop_with_not_fully_pipeline.cpp:4) |    0     |  0.00%   |
| auto memory burst (flatten_loop_with_not_fully_pipeline.cpp:4) |    0     |  0.00%   |
|  mykernel:loop l (flatten_loop_with_not_fully_pipeline.cpp:7)  |    0     |  0.00%   |
+----------------------------------------------------------------+----------+----------+

+-------------------------------------------------------+------+------+------+-------+
|                         Name                          | BRAM | DSP  |  FF  |  LUT  |
+-------------------------------------------------------+------+------+------+-------+
| mykernel (flatten_loop_with_not_fully_pipeline.cpp:4) | 2.50 | 0.00 | 1.44 | 13.15 |
+-------------------------------------------------------+------+------+------+-------+



