{
  "F_0_0_0_3": {
    "function": "", 
    "util-BRAM": "0", 
    "var_type": "", 
    "total-DSP": "0", 
    "latency-min": "37", 
    "linenum": "", 
    "pipelined": "none", 
    "total-LUT": "1562", 
    "unparse_info": "void top(int [100] a,int n) {...}", 
    "line": "12", 
    "total-BRAM": "2", 
    "util-FF": "0", 
    "latency-max": "37", 
    "topo_id": "F_0_0_0_3", 
    "util-LUT": "0", 
    "name": "top", 
    "total-FF": "1317", 
    "interval-min": "38", 
    "depth": "", 
    "filename": "", 
    "source": "__merlinkernel_top.cpp", 
    "interval-max": "38", 
    "inline": "", 
    "util-DSP": "0", 
    "type": "kernel", 
    "col": "1"
  }, 
  "X_0_0_0_3_0_0": {
    "topo_id": "X_0_0_0_3_0_0", 
    "name": "a", 
    "var_type": "array", 
    "source": "__merlinkernel_top.cpp", 
    "unparse_info": "a", 
    "line": "12", 
    "type": "interface", 
    "col": "14"
  }, 
  "L_0_0_0_3_2_0_5": {
    "util-BRAM": "", 
    "var_type": "", 
    "flatten": "", 
    "trip-count": "10", 
    "total-BRAM": "", 
    "topo_id": "L_0_0_0_3_2_0_5", 
    "total-FF": "", 
    "filename": "implement/exec/hls/report_merlin/top/top_csynth.rpt", 
    "source": "__merlinkernel_top.cpp", 
    "interval-max": "", 
    "flatten-parent": "", 
    "total-DSP": "", 
    "util-DSP": "", 
    "type": "loop", 
    "function": "top", 
    "unrolled": "", 
    "func_name": "top", 
    "latency-min": "34", 
    "II": "2", 
    "linenum": "", 
    "pipelined": "yes", 
    "iteration-latency": "17", 
    "total-LUT": "", 
    "unparse_info": "for(int i = 0;i < 10;++i) {...}", 
    "line": "24", 
    "util-FF": "", 
    "latency-max": "34", 
    "util-LUT": "", 
    "name": "i", 
    "interval-min": "", 
    "initiation-interval": "2", 
    "depth": "1", 
    "col": "3", 
    "flatten-son": ""
  }, 
  "X_0_0_0_3_0_1": {
    "topo_id": "X_0_0_0_3_0_1", 
    "name": "n", 
    "var_type": "scalar", 
    "source": "__merlinkernel_top.cpp", 
    "unparse_info": "n", 
    "line": "12", 
    "type": "interface", 
    "col": "25"
  }
}