================================================================================
Kernel : top(array_partition_fail.cpp:2)
================================================================================


================================================================================
GlobalVariable Width
================================================================================

================================================================================
Interface      Width
================================================================================
a               32       (array_partition_fail.cpp:2)[1]
n               32       (array_partition_fail.cpp:2) scalar

================================================================================
Source code hierarchy ( TC: Trip Count, AC: Accumulated Cycles, CPC: Cycles per Call )
================================================================================
+-----------------------------------------+----+----+-----+------+------+------+------+-----------------------+
|                hierarchy                | TC | AC | CPC | LUT  |  FF  | BRAM | DSP  |        comment        |
+-----------------------------------------+----+----+-----+------+------+------+------+-----------------------+
|top (array_partition_fail.cpp:2)         |    |  37|   37|  0.41|  0.18|  0.09|  0.00|kernel                 |
|    loop i (array_partition_fail.cpp:4)  |  10|  34|   34|      |      |      |      |IL=17, pipelined II=2  |
+-----------------------------------------+----+----+-----+------+------+------+------+-----------------------+
================================================================================
Hotspot
================================================================================
* Self Accumulated Cycles
+-----------------------------------------+--------+----------+
|                  Name                   | Cycles | Activity |
+-----------------------------------------+--------+----------+
| top:loop i (array_partition_fail.cpp:4) |   34   |  91.89%  |
|    top (array_partition_fail.cpp:2)     |   3    |  8.11%   |
+-----------------------------------------+--------+----------+

+----------------------------------+------+------+------+------+
|               Name               | BRAM | DSP  |  FF  | LUT  |
+----------------------------------+------+------+------+------+
| top (array_partition_fail.cpp:2) | 0.09 | 0.00 | 0.18 | 0.41 |
+----------------------------------+------+------+------+------+
[1] Cannot burst all the accesses of variable 'a' (array_partition_fail.cpp:2) because of data dependence



