
WARNING: [SYNCHK-206] Goto statement may cause sub-optimal results (vec_add_kernel.cpp:22)

WARNING: [SYNCHK-206] Goto statement may cause sub-optimal results (vec_add_kernel.cpp:22)
INFO: [BURST-101] Memory burst inferred: variable 'a' (vec_add_kernel.cpp:6) in scope (vec_add_kernel.cpp:13)
  burst buffer size = 400 bytes

WARNING: [BURST-215] Low bandwidth efficiency of memory burst: variable 'a' (vec_add_kernel.cpp:6) in scope (vec_add_kernel.cpp:13).
  Reason: short burst length = 400 bytes

INFO: [BURST-101] Memory burst inferred: variable 'b' (vec_add_kernel.cpp:6) in scope (vec_add_kernel.cpp:13)
  burst buffer size = 400 bytes

WARNING: [BURST-215] Low bandwidth efficiency of memory burst: variable 'b' (vec_add_kernel.cpp:6) in scope (vec_add_kernel.cpp:13).
  Reason: short burst length = 400 bytes

INFO: [BURST-101] Memory burst inferred: variable 'c' (vec_add_kernel.cpp:6) in scope (vec_add_kernel.cpp:13)
  burst buffer size = 400 bytes

WARNING: [BURST-215] Low bandwidth efficiency of memory burst: variable 'c' (vec_add_kernel.cpp:6) in scope (vec_add_kernel.cpp:13).
  Reason: short burst length = 400 bytes

INFO: [BURST-101] Memory burst inferred: variable 'c' (vec_add_kernel.cpp:6) in scope (vec_add_kernel.cpp:18)
  burst buffer size = 400 bytes

WARNING: [BURST-215] Low bandwidth efficiency of memory burst: variable 'c' (vec_add_kernel.cpp:6) in scope (vec_add_kernel.cpp:18).
  Reason: short burst length = 400 bytes


WARNING: [WDBUS-209] Memory coalescing variable 'a' (vec_add_kernel.cpp:6) may cause long compilation time of downstream tool.
  Reason: the access offset is not divisible by 16

WARNING: [WDBUS-209] Memory coalescing variable 'b' (vec_add_kernel.cpp:6) may cause long compilation time of downstream tool.
  Reason: the access offset is not divisible by 16

WARNING: [WDBUS-209] Memory coalescing variable 'c' (vec_add_kernel.cpp:6) may cause long compilation time of downstream tool.
  Reason: the access offset is not divisible by 16
INFO: [WDBUS-101] Memory coalescing inferred: variable 'a' (vec_add_kernel.cpp:6)
  interface bitwidth = 512 bits
INFO: [WDBUS-101] Memory coalescing inferred: variable 'b' (vec_add_kernel.cpp:6)
  interface bitwidth = 512 bits
INFO: [WDBUS-101] Memory coalescing inferred: variable 'c' (vec_add_kernel.cpp:6)
  interface bitwidth = 512 bits

WARNING: [CGPIP-202] Coarse-grained pipelining NOT applied on loop 'i' (vec_add_kernel.cpp:11)
  Reason: goto statements are not allowed in coarse-grained pipeline (vec_add_kernel.cpp:22) 
INFO: [FGPIP-103] Loop 'j'  (vec_add_kernel.cpp:13) is pipelined
INFO: [FGPIP-103] Loop 'j'  (vec_add_kernel.cpp:18) is pipelined
