================================================================================
Kernel : mykernel(template.cpp:38)
================================================================================


================================================================================
GlobalVariable Width
================================================================================

================================================================================
Interface      Width
================================================================================
orig            512      (template.cpp:38) memory burst and coalescing 
cpy             32       (template.cpp:38) detect user manual memory burst

================================================================================
Source code hierarchy ( TC: Trip Count, AC: Accumulated Cycles, CPC: Cycles per Call )
================================================================================
+-------------------------------------------------------+------+-------+-------+------+------+------+------+------------------------+
|                       hierarchy                       |  TC  |  AC   |  CPC  | LUT  |  FF  | BRAM | DSP  |        comment         |
+-------------------------------------------------------+------+-------+-------+------+------+------+------+------------------------+
|mykernel (template.cpp:38)                             |      |  36972|  36972|  2.80|  0.67|  1.57|  0.14|kernel                  |
|    auto memory burst read and coalescing for 'orig'   |      |      -|   1075|      |      |      |      |                        |
|    multiple < int , 2048 >  (template.cpp:40)         |      |      -|      -|      |      |      |      |inlined                 |
|    visit < Foo >  (template.cpp:43)                   |      |      -|      -|      |      |      |      |inlined                 |
|    loop i (template.cpp:45)                           |  2048|  30720|  30720|      |      |      |      |IL=16, pipelined II=15  |
|    auto memory burst write and coalescing for 'orig'  |      |      -|   1075|      |      |      |      |                        |
+-------------------------------------------------------+------+-------+-------+------+------+------+------+------------------------+
================================================================================
Hotspot
================================================================================
* Self Accumulated Cycles
+-------------------------------------+--------+----------+
|                Name                 | Cycles | Activity |
+-------------------------------------+--------+----------+
|  mykernel:loop i (template.cpp:45)  | 30720  |  83.09%  |
|     mykernel (template.cpp:38)      |  6252  |  16.91%  |
| auto memory burst (template.cpp:38) |   0    |  0.00%   |
| auto memory burst (template.cpp:38) |   0    |  0.00%   |
+-------------------------------------+--------+----------+

+----------------------------+------+------+------+------+
|            Name            | BRAM | DSP  |  FF  | LUT  |
+----------------------------+------+------+------+------+
| mykernel (template.cpp:38) | 1.57 | 0.14 | 0.67 | 2.80 |
+----------------------------+------+------+------+------+



