[
  [
    "", 
    2737, 
    2737, 
    15, 
    1, 
    3, 
    0
  ], 
  [
    "", 
    394, 
    394, 
    "", 
    "", 
    "", 
    ""
  ], 
  [
    "", 
    394, 
    394, 
    "", 
    "", 
    "", 
    ""
  ], 
  [
    "", 
    "", 
    "", 
    "", 
    "", 
    "", 
    ""
  ], 
  [
    128, 
    2050, 
    2050, 
    "", 
    "", 
    "", 
    ""
  ], 
  [
    16, 
    "", 
    "", 
    "", 
    "", 
    "", 
    ""
  ], 
  [
    16, 
    "", 
    "", 
    "", 
    "", 
    "", 
    ""
  ], 
  [
    "", 
    293, 
    293, 
    "", 
    "", 
    "", 
    ""
  ]
]