error: variadic templates is unsupported
error: variadic templates is unsupported
error: variadic templates is unsupported
error: variadic templates is unsupported
error: variadic templates is unsupported
error: variadic templates is unsupported
error: variadic templates is unsupported
error: variadic templates is unsupported
