{
    "F_0_0_0_3": {
        "CYCLE_TOT": "102",
        "CYCLE_UNIT": "102",
        "DBW": "0.00",
        "col": "1",
        "depth": "",
        "filename": "",
        "function": "",
        "inline": "",
        "interval-max": "103",
        "interval-min": "103",
        "latency-max": "103",
        "latency-min": "103",
        "line": "12",
        "linenum": "",
        "name": "top_L_0_para_sub",
        "pipelined": "none",
        "poison": "0",
        "source": "__merlinkernel_top.cpp",
        "topo_id": "F_0_0_0_3",
        "total-BRAM": "0",
        "total-DSP": "0",
        "total-FF": "61",
        "total-LUT": "158",
        "type": "function",
        "unparse_info": "void top_L_0_para_sub(int [100] b_buf_0,int [100] a_buf_0,int [100] c_buf_0,int i) {...}",
        "util-BRAM": "0",
        "util-DSP": "0",
        "util-FF": "0",
        "util-LUT": "0",
        "var_type": ""
    },
    "F_0_0_0_4": {
        "CYCLE_TOT": "102",
        "CYCLE_UNIT": "102",
        "DBW": "0.00",
        "col": "1",
        "depth": "",
        "filename": "",
        "function": "",
        "inline": "",
        "interval-max": "104",
        "interval-min": "104",
        "latency-max": "104",
        "latency-min": "104",
        "line": "28",
        "linenum": "",
        "name": "top_L_0_para",
        "pipelined": "none",
        "poison": "0",
        "source": "__merlinkernel_top.cpp",
        "topo_id": "F_0_0_0_4",
        "total-BRAM": "0",
        "total-DSP": "0",
        "total-FF": "622",
        "total-LUT": "1631",
        "type": "function",
        "unparse_info": "void top_L_0_para(int [10][100] b_buf_0,int [10][100] a_buf_0,int [10][100] c_buf_0) {...}",
        "util-BRAM": "0",
        "util-DSP": "0",
        "util-FF": "0",
        "util-LUT": "0",
        "var_type": ""
    },
    "F_0_0_0_6": {
        "CYCLE_TOT": "1108",
        "CYCLE_UNIT": "1108",
        "DBW": "902.53",
        "col": "1",
        "depth": "",
        "filename": "",
        "function": "",
        "inline": "",
        "interval-max": "",
        "interval-min": "",
        "latency-max": "",
        "latency-min": "",
        "line": "41",
        "linenum": "",
        "name": "merlin_memcpy_0",
        "pipelined": "",
        "poison": "0",
        "source": "__merlinkernel_top.cpp",
        "topo_id": "F_0_0_0_6",
        "total-BRAM": "",
        "total-DSP": "",
        "total-FF": "",
        "total-LUT": "",
        "type": "function",
        "unparse_info": "void merlin_memcpy_0(int [10][100] dst,int dst_idx_0,int dst_idx_1,int [1000] src,int src_idx_0,unsigned int len,unsigned int max_len) {...}",
        "util-BRAM": "",
        "util-DSP": "",
        "util-FF": "",
        "util-LUT": "",
        "var_type": ""
    },
    "F_0_0_0_7": {
        "CYCLE_TOT": "1108",
        "CYCLE_UNIT": "1108",
        "DBW": "902.53",
        "col": "1",
        "depth": "",
        "filename": "",
        "function": "",
        "inline": "",
        "interval-max": "",
        "interval-min": "",
        "latency-max": "",
        "latency-min": "",
        "line": "59",
        "linenum": "",
        "name": "merlin_memcpy_1",
        "pipelined": "",
        "poison": "0",
        "source": "__merlinkernel_top.cpp",
        "topo_id": "F_0_0_0_7",
        "total-BRAM": "",
        "total-DSP": "",
        "total-FF": "",
        "total-LUT": "",
        "type": "function",
        "unparse_info": "void merlin_memcpy_1(int [10][100] dst,int dst_idx_0,int dst_idx_1,int [1000] src,int src_idx_0,unsigned int len,unsigned int max_len) {...}",
        "util-BRAM": "",
        "util-DSP": "",
        "util-FF": "",
        "util-LUT": "",
        "var_type": ""
    },
    "F_0_0_0_8": {
        "CYCLE_TOT": "1081",
        "CYCLE_UNIT": "1081",
        "DBW": "925.07",
        "col": "1",
        "depth": "",
        "filename": "",
        "function": "",
        "inline": "",
        "interval-max": "",
        "interval-min": "",
        "latency-max": "",
        "latency-min": "",
        "line": "77",
        "linenum": "",
        "name": "merlin_memcpy_2",
        "pipelined": "",
        "poison": "0",
        "source": "__merlinkernel_top.cpp",
        "topo_id": "F_0_0_0_8",
        "total-BRAM": "",
        "total-DSP": "",
        "total-FF": "",
        "total-LUT": "",
        "type": "function",
        "unparse_info": "void merlin_memcpy_2(int [1000] dst,int dst_idx_0,int [10][100] src,int src_idx_0,int src_idx_1,unsigned int len,unsigned int max_len) {...}",
        "util-BRAM": "",
        "util-DSP": "",
        "util-FF": "",
        "util-LUT": "",
        "var_type": ""
    },
    "F_0_0_0_9": {
        "CYCLE_TOT": "3409",
        "CYCLE_UNIT": "3409",
        "DBW": "880.02",
        "col": "1",
        "depth": "",
        "filename": "",
        "function": "",
        "inline": "",
        "interval-max": "3137",
        "interval-min": "3137",
        "latency-max": "3136",
        "latency-min": "3136",
        "line": "96",
        "linenum": "",
        "name": "top",
        "pipelined": "none",
        "poison": "0",
        "source": "__merlinkernel_top.cpp",
        "topo_id": "F_0_0_0_9",
        "total-BRAM": "32",
        "total-DSP": "0",
        "total-FF": "2047",
        "total-LUT": "5030",
        "type": "kernel",
        "unparse_info": "void top(int [1000] a,int [1000] b,int [1000] c) {...}",
        "util-BRAM": "1",
        "util-DSP": "0",
        "util-FF": "0",
        "util-LUT": "1",
        "var_type": ""
    },
    "L_0_0_0_3_2_0_1": {
        "CYCLE_TOT": "102",
        "CYCLE_UNIT": "102",
        "DBW": "0.00",
        "II": "1",
        "col": "3",
        "depth": "1",
        "filename": "implement/exec/hls/report_merlin/top/top_L_0_para_sub_csynth.rpt",
        "flatten": "",
        "flatten-parent": "",
        "flatten-son": "",
        "func_name": "top_L_0_para_sub",
        "function": "top_L_0_para_sub",
        "initiation-interval": "1",
        "interval-max": "",
        "interval-min": "",
        "iteration-latency": "3",
        "latency-max": "101",
        "latency-min": "101",
        "line": "19",
        "linenum": "",
        "name": "i0",
        "pipelined": "yes",
        "poison": "0",
        "source": "__merlinkernel_top.cpp",
        "topo_id": "L_0_0_0_3_2_0_1",
        "total-BRAM": "",
        "total-DSP": "",
        "total-FF": "",
        "total-LUT": "",
        "trip-count": "100",
        "type": "loop",
        "unparse_info": "for(int i0 = 0;i0 < 100;++i0) {...}",
        "unroll-factor": "0",
        "unrolled": "",
        "util-BRAM": "",
        "util-DSP": "",
        "util-FF": "",
        "util-LUT": "",
        "var_type": ""
    },
    "L_0_0_0_4_2_0_2": {
        "CYCLE_TOT": "102",
        "CYCLE_UNIT": "102",
        "DBW": "0.00",
        "II": "",
        "col": "3",
        "depth": "1",
        "filename": "__merlinkernel_top.cpp",
        "flatten": "",
        "flatten-parent": "",
        "flatten-son": "",
        "func_name": "top_L_0_para",
        "function": "top_L_0_para",
        "initiation-interval": "",
        "interval-max": "",
        "interval-min": "",
        "iteration-latency": "",
        "latency-max": "",
        "latency-min": "",
        "line": "33",
        "linenum": "33",
        "name": "i",
        "pipelined": "",
        "poison": "0",
        "source": "__merlinkernel_top.cpp",
        "topo_id": "L_0_0_0_4_2_0_2",
        "total-BRAM": "",
        "total-DSP": "",
        "total-FF": "",
        "total-LUT": "",
        "trip-count": "10",
        "type": "loop",
        "unparse_info": "for(i = 0;i < 10;++i) {...}",
        "unroll-factor": "10",
        "unrolled": "yes",
        "util-BRAM": "",
        "util-DSP": "",
        "util-FF": "",
        "util-LUT": "",
        "var_type": ""
    },
    "L_0_0_0_6_2_0_5": {
        "CYCLE_TOT": "1108",
        "CYCLE_UNIT": "1108",
        "DBW": "902.53",
        "II": "1",
        "col": "3",
        "depth": "1",
        "filename": "implement/exec/hls/report_merlin/top/merlin_memcpy_0_0_0_0_csynth.rpt",
        "flatten": "",
        "flatten-parent": "",
        "flatten-son": "",
        "func_name": "merlin_memcpy_0",
        "function": "merlin_memcpy_0_0_0_0",
        "initiation-interval": "1",
        "interval-max": "",
        "interval-min": "",
        "iteration-latency": "3",
        "latency-max": "1001",
        "latency-min": "1001",
        "line": "50",
        "linenum": "",
        "name": "i",
        "pipelined": "yes",
        "poison": "0",
        "source": "__merlinkernel_top.cpp",
        "topo_id": "L_0_0_0_6_2_0_5",
        "total-BRAM": "",
        "total-DSP": "",
        "total-FF": "",
        "total-LUT": "",
        "trip-count": "1000",
        "type": "loop",
        "unparse_info": "for(i = 0;i <(len / 4);++i) {...}",
        "unroll-factor": "0",
        "unrolled": "",
        "util-BRAM": "",
        "util-DSP": "",
        "util-FF": "",
        "util-LUT": "",
        "var_type": ""
    },
    "L_0_0_0_7_2_0_5": {
        "CYCLE_TOT": "1108",
        "CYCLE_UNIT": "1108",
        "DBW": "902.53",
        "II": "1",
        "col": "3",
        "depth": "1",
        "filename": "implement/exec/hls/report_merlin/top/merlin_memcpy_1_0_0_0_csynth.rpt",
        "flatten": "",
        "flatten-parent": "",
        "flatten-son": "",
        "func_name": "merlin_memcpy_1",
        "function": "merlin_memcpy_1_0_0_0",
        "initiation-interval": "1",
        "interval-max": "",
        "interval-min": "",
        "iteration-latency": "3",
        "latency-max": "1001",
        "latency-min": "1001",
        "line": "68",
        "linenum": "",
        "name": "i",
        "pipelined": "yes",
        "poison": "0",
        "source": "__merlinkernel_top.cpp",
        "topo_id": "L_0_0_0_7_2_0_5",
        "total-BRAM": "",
        "total-DSP": "",
        "total-FF": "",
        "total-LUT": "",
        "trip-count": "1000",
        "type": "loop",
        "unparse_info": "for(i = 0;i <(len / 4);++i) {...}",
        "unroll-factor": "0",
        "unrolled": "",
        "util-BRAM": "",
        "util-DSP": "",
        "util-FF": "",
        "util-LUT": "",
        "var_type": ""
    },
    "L_0_0_0_8_2_0_5": {
        "CYCLE_TOT": "1081",
        "CYCLE_UNIT": "1081",
        "DBW": "925.07",
        "II": "1",
        "col": "3",
        "depth": "1",
        "filename": "implement/exec/hls/report_merlin/top/merlin_memcpy_2_0_0_0_csynth.rpt",
        "flatten": "",
        "flatten-parent": "",
        "flatten-son": "",
        "func_name": "merlin_memcpy_2",
        "function": "merlin_memcpy_2_0_0_0",
        "initiation-interval": "1",
        "interval-max": "",
        "interval-min": "",
        "iteration-latency": "3",
        "latency-max": "1001",
        "latency-min": "1001",
        "line": "86",
        "linenum": "",
        "name": "i",
        "pipelined": "yes",
        "poison": "0",
        "source": "__merlinkernel_top.cpp",
        "topo_id": "L_0_0_0_8_2_0_5",
        "total-BRAM": "",
        "total-DSP": "",
        "total-FF": "",
        "total-LUT": "",
        "trip-count": "1000",
        "type": "loop",
        "unparse_info": "for(i = 0;i <(len / 4);++i) {...}",
        "unroll-factor": "0",
        "unrolled": "",
        "util-BRAM": "",
        "util-DSP": "",
        "util-FF": "",
        "util-LUT": "",
        "var_type": ""
    },
    "L_0_0_0_9_2_0_19": {
        "CYCLE_TOT": "10",
        "CYCLE_UNIT": "10",
        "DBW": "0.00",
        "II": "",
        "col": "3",
        "depth": "1",
        "filename": "",
        "flatten": "",
        "flatten-parent": "",
        "flatten-son": "",
        "func_name": "top",
        "function": "",
        "initiation-interval": "",
        "interval-max": "",
        "interval-min": "",
        "iteration-latency": "",
        "latency-max": "",
        "latency-min": "",
        "line": "137",
        "linenum": "",
        "name": "i",
        "pipelined": "",
        "poison": "0",
        "source": "__merlinkernel_top.cpp",
        "topo_id": "L_0_0_0_9_2_0_19",
        "total-BRAM": "",
        "total-DSP": "",
        "total-FF": "",
        "total-LUT": "",
        "trip-count": "10",
        "type": "loop",
        "unparse_info": "for(int i = 0;i < 10;++i) {...}",
        "unroll-factor": "0",
        "unrolled": "",
        "util-BRAM": "",
        "util-DSP": "",
        "util-FF": "",
        "util-LUT": "",
        "var_type": ""
    },
    "X_0_0_0_4_2_0_2_3_1_0": {
        "CYCLE_TOT": "102",
        "CYCLE_UNIT": "102",
        "DBW": "0.00",
        "col": "21",
        "depth": "2",
        "filename": "",
        "func_name": "top_L_0_para",
        "function": "",
        "inline": "",
        "interval-max": "",
        "interval-min": "",
        "latency-max": "",
        "latency-min": "",
        "line": "36",
        "linenum": "",
        "name": "top_L_0_para_sub",
        "pipelined": "",
        "poison": "0",
        "source": "__merlinkernel_top.cpp",
        "topo_id": "X_0_0_0_4_2_0_2_3_1_0",
        "total-BRAM": "",
        "total-DSP": "",
        "total-FF": "",
        "total-LUT": "",
        "type": "callfunction",
        "unparse_info": "top_L_0_para_sub(b_buf_0[i],a_buf_0[i],c_buf_0[i],i)",
        "util-BRAM": "",
        "util-DSP": "",
        "util-FF": "",
        "util-LUT": "",
        "var_type": ""
    },
    "X_0_0_0_9_0_0": {
        "col": "14",
        "line": "96",
        "name": "a",
        "source": "__merlinkernel_top.cpp",
        "topo_id": "X_0_0_0_9_0_0",
        "type": "interface",
        "unparse_info": "a",
        "var_type": "array"
    },
    "X_0_0_0_9_0_1": {
        "col": "26",
        "line": "96",
        "name": "b",
        "source": "__merlinkernel_top.cpp",
        "topo_id": "X_0_0_0_9_0_1",
        "type": "interface",
        "unparse_info": "b",
        "var_type": "array"
    },
    "X_0_0_0_9_0_2": {
        "col": "38",
        "line": "96",
        "name": "c",
        "source": "__merlinkernel_top.cpp",
        "topo_id": "X_0_0_0_9_0_2",
        "type": "interface",
        "unparse_info": "c",
        "var_type": "array"
    },
    "X_0_0_0_9_2_0_11_1": {
        "col": "3",
        "func_name": "top",
        "line": "120",
        "name": "c_buf_0",
        "source": "__merlinkernel_top.cpp",
        "topo_id": "X_0_0_0_9_2_0_11_1",
        "type": "array",
        "unparse_info": "c_buf_0"
    },
    "X_0_0_0_9_2_0_13_0_0": {
        "CYCLE_TOT": "1108",
        "CYCLE_UNIT": "1108",
        "DBW": "902.53",
        "col": "20",
        "depth": "1",
        "filename": "",
        "func_name": "top",
        "function": "",
        "inline": "",
        "interval-max": "",
        "interval-min": "",
        "latency-max": "",
        "latency-min": "",
        "line": "125",
        "linenum": "",
        "name": "merlin_memcpy_0",
        "pipelined": "",
        "poison": "0",
        "source": "__merlinkernel_top.cpp",
        "topo_id": "X_0_0_0_9_2_0_13_0_0",
        "total-BRAM": "",
        "total-DSP": "",
        "total-FF": "",
        "total-LUT": "",
        "type": "callfunction",
        "unparse_info": "merlin_memcpy_0(a_buf_0,0,0,a,0,(sizeof(int ) *((unsigned long )1000)),4000UL)",
        "util-BRAM": "",
        "util-DSP": "",
        "util-FF": "",
        "util-LUT": "",
        "var_type": ""
    },
    "X_0_0_0_9_2_0_14_0_0": {
        "CYCLE_TOT": "1108",
        "CYCLE_UNIT": "1108",
        "DBW": "902.53",
        "col": "20",
        "depth": "1",
        "filename": "",
        "func_name": "top",
        "function": "",
        "inline": "",
        "interval-max": "",
        "interval-min": "",
        "latency-max": "",
        "latency-min": "",
        "line": "128",
        "linenum": "",
        "name": "merlin_memcpy_1",
        "pipelined": "",
        "poison": "0",
        "source": "__merlinkernel_top.cpp",
        "topo_id": "X_0_0_0_9_2_0_14_0_0",
        "total-BRAM": "",
        "total-DSP": "",
        "total-FF": "",
        "total-LUT": "",
        "type": "callfunction",
        "unparse_info": "merlin_memcpy_1(b_buf_0,0,0,b,0,(sizeof(int ) *((unsigned long )1000)),4000UL)",
        "util-BRAM": "",
        "util-DSP": "",
        "util-FF": "",
        "util-LUT": "",
        "var_type": ""
    },
    "X_0_0_0_9_2_0_18_0": {
        "CYCLE_TOT": "102",
        "CYCLE_UNIT": "102",
        "DBW": "0.00",
        "col": "15",
        "depth": "1",
        "filename": "",
        "func_name": "top",
        "function": "",
        "inline": "",
        "interval-max": "",
        "interval-min": "",
        "latency-max": "",
        "latency-min": "",
        "line": "136",
        "linenum": "",
        "name": "top_L_0_para",
        "pipelined": "",
        "poison": "0",
        "source": "__merlinkernel_top.cpp",
        "topo_id": "X_0_0_0_9_2_0_18_0",
        "total-BRAM": "",
        "total-DSP": "",
        "total-FF": "",
        "total-LUT": "",
        "type": "callfunction",
        "unparse_info": "top_L_0_para(b_buf_0,a_buf_0,c_buf_0)",
        "util-BRAM": "",
        "util-DSP": "",
        "util-FF": "",
        "util-LUT": "",
        "var_type": ""
    },
    "X_0_0_0_9_2_0_20_0_0": {
        "CYCLE_TOT": "1081",
        "CYCLE_UNIT": "1081",
        "DBW": "925.07",
        "col": "20",
        "depth": "1",
        "filename": "",
        "func_name": "top",
        "function": "",
        "inline": "",
        "interval-max": "",
        "interval-min": "",
        "latency-max": "",
        "latency-min": "",
        "line": "143",
        "linenum": "",
        "name": "merlin_memcpy_2",
        "pipelined": "",
        "poison": "0",
        "source": "__merlinkernel_top.cpp",
        "topo_id": "X_0_0_0_9_2_0_20_0_0",
        "total-BRAM": "",
        "total-DSP": "",
        "total-FF": "",
        "total-LUT": "",
        "type": "callfunction",
        "unparse_info": "merlin_memcpy_2(c,0,c_buf_0,0,0,(sizeof(int ) *((unsigned long )1000)),4000UL)",
        "util-BRAM": "",
        "util-DSP": "",
        "util-FF": "",
        "util-LUT": "",
        "var_type": ""
    },
    "X_0_0_0_9_2_0_7_1": {
        "col": "3",
        "func_name": "top",
        "line": "112",
        "name": "b_buf_0",
        "source": "__merlinkernel_top.cpp",
        "topo_id": "X_0_0_0_9_2_0_7_1",
        "type": "array",
        "unparse_info": "b_buf_0"
    },
    "X_0_0_0_9_2_0_9_1": {
        "col": "3",
        "func_name": "top",
        "line": "116",
        "name": "a_buf_0",
        "source": "__merlinkernel_top.cpp",
        "topo_id": "X_0_0_0_9_2_0_9_1",
        "type": "array",
        "unparse_info": "a_buf_0"
    }
}