{
  "L_0_0_0_3_2_0_7": {
    "util-BRAM": "", 
    "var_type": "", 
    "flatten": "", 
    "unparse_info": "for(i = 0;i < len;++i) {...}", 
    "total-BRAM": "", 
    "topo_id": "L_0_0_0_3_2_0_7", 
    "total-FF": "", 
    "filename": "", 
    "source": "__merlinkernel_mykernel.cpp", 
    "interval-max": "", 
    "flatten-parent": "", 
    "total-DSP": "", 
    "util-DSP": "", 
    "type": "loop", 
    "function": "", 
    "unrolled": "", 
    "func_name": "mykernel", 
    "latency-min": "", 
    "II": "", 
    "linenum": "", 
    "pipelined": "", 
    "iteration-latency": "", 
    "total-LUT": "", 
    "trip-count": "", 
    "line": "26", 
    "util-FF": "", 
    "latency-max": "", 
    "util-LUT": "", 
    "name": "i", 
    "interval-min": "", 
    "initiation-interval": "", 
    "depth": "1", 
    "col": "3", 
    "flatten-son": ""
  }, 
  "X_0_0_0_3_0_1": {
    "topo_id": "X_0_0_0_3_0_1", 
    "name": "len", 
    "var_type": "scalar", 
    "source": "__merlinkernel_mykernel.cpp", 
    "unparse_info": "len", 
    "line": "12", 
    "type": "interface", 
    "col": "29"
  }, 
  "F_0_0_0_3": {
    "function": "", 
    "util-BRAM": "0", 
    "var_type": "", 
    "total-DSP": "0", 
    "latency-min": "0", 
    "linenum": "", 
    "pipelined": "none", 
    "total-LUT": "259", 
    "unparse_info": "void mykernel(int * orig,int len) {...}", 
    "line": "12", 
    "total-BRAM": "0", 
    "util-FF": "0", 
    "latency-max": "0", 
    "topo_id": "F_0_0_0_3", 
    "util-LUT": "0", 
    "name": "mykernel", 
    "total-FF": "146", 
    "interval-min": "1", 
    "depth": "", 
    "filename": "", 
    "source": "__merlinkernel_mykernel.cpp", 
    "interval-max": "1", 
    "inline": "", 
    "util-DSP": "0", 
    "type": "kernel", 
    "col": "1"
  }, 
  "X_0_0_0_3_0_0": {
    "topo_id": "X_0_0_0_3_0_0", 
    "name": "orig", 
    "var_type": "array", 
    "source": "__merlinkernel_mykernel.cpp", 
    "unparse_info": "orig", 
    "line": "12", 
    "type": "interface", 
    "col": "20"
  }, 
  "X_0_0_0_3_2_0_6_1": {
    "topo_id": "X_0_0_0_3_2_0_6_1", 
    "name": "stage0", 
    "func_name": "mykernel", 
    "source": "__merlinkernel_mykernel.cpp", 
    "unparse_info": "stage0", 
    "line": "25", 
    "type": "array", 
    "col": "3"
  }
}