#include<string.h>
//1d dimension
#pragma ACCEL kernel

void top(int *a,char *b,unsigned int *c,float *d,double *f,signed short *g)
{
  int _memcpy_i0_1;
  int _memcpy_i0_0;
  int a_buf[1000];
  memcpy(a_buf,a,sizeof(int ) * 1000);
  char b_buf[100][64];
  for (_memcpy_i0_1 = 0; _memcpy_i0_1 < 100; ++_memcpy_i0_1) {
    
#pragma HLS COALESCING_WIDTH=16
    for (_memcpy_i0_0 = 0; _memcpy_i0_0 < 64; ++_memcpy_i0_0) {
      
#pragma ACCEL PARALLEL SKIP FACTOR=2
      b_buf[_memcpy_i0_1][_memcpy_i0_0] = b[0 + ((0 * 100 + _memcpy_i0_1) * 64 + _memcpy_i0_0)];
    }
  }
  unsigned int c_buf[100][200][16];
  memcpy(c_buf[0][0],c,sizeof(unsigned int ) * 100 * 200 * 16);
  float d_buf[100][200][300][16];
  memcpy(d_buf[0][0][0],d,sizeof(float ) * 100 * 200 * 300 * 16);
  double f_buf[100][200];
  memcpy(f_buf[0],f,sizeof(double ) * 100 * 200);
  signed short g_buf[2000];
  memcpy(g_buf,g,sizeof(signed short ) * 2000);
}

int main()
{
  int *a;
  char *b;
  unsigned int *c;
  float *d;
  double *f;
  signed short *g;
  top(a,b,c,d,f,g);
}
