[
  [
    "", 
    822, 
    822, 
    1, 
    0, 
    3, 
    0
  ], 
  [
    "", 
    398, 
    398, 
    "", 
    "", 
    "", 
    ""
  ], 
  [
    "", 
    398, 
    398, 
    "", 
    "", 
    "", 
    ""
  ], 
  [
    128, 
    130, 
    130, 
    "", 
    "", 
    "", 
    ""
  ], 
  [
    16, 
    "", 
    "", 
    "", 
    "", 
    "", 
    ""
  ], 
  [
    "", 
    294, 
    294, 
    "", 
    "", 
    "", 
    ""
  ]
]